../drivers/Src/stm32f446xx_spi_driver.c:27:6:SPI_PeriClockControl	16	static
../drivers/Src/stm32f446xx_spi_driver.c:64:6:SPI_Init	24	static
../drivers/Src/stm32f446xx_spi_driver.c:112:6:SPI_DeInit	16	static
../drivers/Src/stm32f446xx_spi_driver.c:125:9:SPI_GetFlagStatus	16	static
../drivers/Src/stm32f446xx_spi_driver.c:147:6:SPI_SendData	24	static
../drivers/Src/stm32f446xx_spi_driver.c:188:6:SPI_ReceiveData	24	static
../drivers/Src/stm32f446xx_spi_driver.c:226:6:SPI_PeripheralControl	16	static
../drivers/Src/stm32f446xx_spi_driver.c:248:6:SPI_SSIConfig	16	static
../drivers/Src/stm32f446xx_spi_driver.c:269:6:SPI_SSOEConfig	16	static
../drivers/Src/stm32f446xx_spi_driver.c:296:6:SPI_IRQInterruptConfig	16	static
../drivers/Src/stm32f446xx_spi_driver.c:346:6:SPI_IRQPriorityConfig	24	static
../drivers/Src/stm32f446xx_spi_driver.c:370:9:SPI_SendDataWithIT	32	static
../drivers/Src/stm32f446xx_spi_driver.c:400:9:SPI_ReceiveData_IT	32	static
../drivers/Src/stm32f446xx_spi_driver.c:430:6:SPI_IRQHandling	24	static
../drivers/Src/stm32f446xx_spi_driver.c:462:14:spi_txe_interrupt_handle	16	static
../drivers/Src/stm32f446xx_spi_driver.c:484:14:spi_rxne_interrupt_handle	16	static
../drivers/Src/stm32f446xx_spi_driver.c:504:14:spi_ovr_err_interrupt_handle	24	static
../drivers/Src/stm32f446xx_spi_driver.c:522:6:SPI_CloseTransmisson	16	static
../drivers/Src/stm32f446xx_spi_driver.c:531:6:SPI_CloseReception	16	static
../drivers/Src/stm32f446xx_spi_driver.c:540:6:SPI_ClearOVRFlag	24	static
../drivers/Src/stm32f446xx_spi_driver.c:547:13:SPI_ApplicationEventCallback	16	static
