../drivers/Src/stm32f446xx_usart_driver.c:26:6:USART_PeriClockControl	16	static
../drivers/Src/stm32f446xx_usart_driver.c:64:6:USART_PeripheralControl	16	static
../drivers/Src/stm32f446xx_usart_driver.c:87:9:USART_GetFlagStatus	16	static
../drivers/Src/stm32f446xx_usart_driver.c:107:6:USART_ClearFlag	16	static
../drivers/Src/stm32f446xx_usart_driver.c:124:6:USART_IRQInterruptConfig	16	static
../drivers/Src/stm32f446xx_usart_driver.c:168:7:USART_IRQPriorityConfig	24	static
../drivers/Src/stm32f446xx_usart_driver.c:192:6:USART_Init	24	static
../drivers/Src/stm32f446xx_usart_driver.c:288:6:USART_SetBaudRate	40	static
../drivers/Src/stm32f446xx_usart_driver.c:371:6:USART_SendData	32	static
../drivers/Src/stm32f446xx_usart_driver.c:437:6:USART_ReceiveData	32	static
../drivers/Src/stm32f446xx_usart_driver.c:514:9:USART_SendDataIT	32	static
../drivers/Src/stm32f446xx_usart_driver.c:553:9:USART_ReceiveDataIT	32	static
../drivers/Src/stm32f446xx_usart_driver.c:589:6:USART_IRQHandling	32	static
../drivers/Src/stm32f446xx_usart_driver.c:907:13:USART_ApplicationEventCallback	16	static
